// Jest Snapshot v1, https://goo.gl/fbAQLP

exports[`ForecastDetails renders correctly 1`] = `
<DocumentFragment>
  <div
    class="forecast-details"
  >
    <div
      class="forecast-details__date"
    >
      Thu Jan 01 1970
    </div>
    <div
      class="forecast-details__temperature"
    >
      11°C
    </div>
    <div
      class="forecast-details__temperature"
    >
      4°C
    </div>
    <div
      class="forecast-details__humidity"
    >
      30%
    </div>
    <div
      class="forecast-details__speed"
    >
      13mph
    </div>
    <div
      class="forecast-details__direction"
    >
      s
    </div>
  </div>
</DocumentFragment>
`;
